ï¿½ï¿½ï¿½ï¿½rï¿½ets Jun  8 2016 00:22:57

rst:0x1 (POWERON_RESET),boot:0x13 (SPI_FAST_FLASH_BOOT)
configsip: 0, SPIWP:0xee
clk_drv:0x00,q_drv:0x00,d_drv:0x00,cs0_drv:0x00,hd_drv:0x00,wp_drv:0x00
mode:DIO, clock div:2
load:0x3fff0030,len:7080
load:0x40078000,len:15584
load:0x40080400,len:4
ho 8 tail 4 room 4
load:0x40080404,len:3876
entry 0x4008064c
[0;32mI (30) boot: ESP-IDF v5.1.1 2nd stage bootloader[0m
[0;32mI (31) boot: compile time Mar  8 2024 12:14:19[0m
[0;32mI (31) boot: Multicore bootloader[0m
[0;32mI (35) boot: chip revision: v1.0[0m
[0;32mI (39) boot.esp32: SPI Speed      : 40MHz[0m
[0;32mI (43) boot.esp32: SPI Mode       : DIO[0m
[0;32mI (48) boot.esp32: SPI Flash Size : 2MB[0m
[0;32mI (52) boot: Enabling RNG early entropy source...[0m
[0;32mI (58) boot: Partition Table:[0m
[0;32mI (61) boot: ## Label            Usage          Type ST Offset   Length[0m
[0;32mI (69) boot:  0 nvs              WiFi data        01 02 00009000 00006000[0m
[0;32mI (76) boot:  1 phy_init         RF data          01 01 0000f000 00001000[0m
[0;32mI (83) boot:  2 factory          factory app      00 00 00010000 00100000[0m
[0;32mI (91) boot: End of partition table[0m
[0;32mI (95) esp_image: segment 0: paddr=00010020 vaddr=3f400020 size=24bech (150508) map[0m
[0;32mI (158) esp_image: segment 1: paddr=00034c14 vaddr=3ffb0000 size=03738h ( 14136) load[0m
[0;32mI (164) esp_image: segment 2: paddr=00038354 vaddr=40080000 size=07cc4h ( 31940) load[0m
[0;32mI (177) esp_image: segment 3: paddr=00040020 vaddr=400d0020 size=955f8h (611832) map[0m
[0;32mI (398) esp_image: segment 4: paddr=000d5620 vaddr=40087cc4 size=0da1ch ( 55836) load[0m
[0;32mI (433) boot: Loaded app from partition at offset 0x10000[0m
[0;32mI (433) boot: Disabling RNG early entropy source...[0m
[0;32mI (444) cpu_start: Multicore app[0m
[0;32mI (445) cpu_start: Pro cpu up.[0m
[0;32mI (445) cpu_start: Starting app cpu, entry point is 0x4008137c[0m
[0;32mI (0) cpu_start: App cpu up.[0m
[0;32mI (462) cpu_start: Pro cpu start user code[0m
[0;32mI (463) cpu_start: cpu freq: 160000000 Hz[0m
[0;32mI (463) cpu_start: Application information:[0m
[0;32mI (467) cpu_start: Project name:     MQTT_example[0m
[0;32mI (473) cpu_start: App version:      1[0m
[0;32mI (477) cpu_start: Compile time:     Mar  8 2024 12:14:08[0m
[0;32mI (483) cpu_start: ELF file SHA256:  f49ea15bcdcae469...[0m
[0;32mI (489) cpu_start: ESP-IDF:          v5.1.1[0m
[0;32mI (494) cpu_start: Min chip rev:     v0.0[0m
[0;32mI (499) cpu_start: Max chip rev:     v3.99 [0m
[0;32mI (504) cpu_start: Chip rev:         v1.0[0m
[0;32mI (509) heap_init: Initializing. RAM available for dynamic allocation:[0m
[0;32mI (516) heap_init: At 3FFAE6E0 len 00001920 (6 KiB): DRAM[0m
[0;32mI (522) heap_init: At 3FFB7DF8 len 00028208 (160 KiB): DRAM[0m
[0;32mI (528) heap_init: At 3FFE0440 len 00003AE0 (14 KiB): D/IRAM[0m
[0;32mI (534) heap_init: At 3FFE4350 len 0001BCB0 (111 KiB): D/IRAM[0m
[0;32mI (541) heap_init: At 400956E0 len 0000A920 (42 KiB): IRAM[0m
[0;32mI (548) spi_flash: detected chip: generic[0m
[0;32mI (551) spi_flash: flash io: dio[0m
[0;33mW (555) spi_flash: Detected size(4096k) larger than the size in the binary image header(2048k). Using the size in the binary image header.[0m
[0;32mI (569) app_start: Starting scheduler on CPU0[0m
[0;32mI (574) app_start: Starting scheduler on CPU1[0m
[0;32mI (574) main_task: Started on CPU0[0m
[0;32mI (584) main_task: Calling app_main()[0m
[0;32mI (584) WEBSOCKET: [APP] Startup..[0m
[0;32mI (584) WEBSOCKET: [APP] Free memory: 279384 bytes[0m
[0;32mI (594) WEBSOCKET: [APP] IDF version: v5.1.1[0m
[0;32mI (634) example_connect: Start example_connect.[0m
I (644) wifi:wifi driver task: 3ffbfa30, prio:23, stack:6656, core=0
I (654) wifi:wifi firmware version: ce9244d
I (664) wifi:wifi certification version: v7.0
I (664) wifi:config NVS flash: enabled
I (664) wifi:config nano formating: disabled
I (664) wifi:Init data frame dynamic rx buffer num: 32
I (664) wifi:Init management frame dynamic rx buffer num: 32
I (674) wifi:Init management short buffer num: 32
I (674) wifi:Init dynamic tx buffer num: 32
I (684) wifi:Init static rx buffer size: 1600
I (684) wifi:Init static rx buffer num: 10
I (694) wifi:Init dynamic rx buffer num: 32
[0;32mI (694) wifi_init: rx ba win: 6[0m
[0;32mI (694) wifi_init: tcpip mbox: 32[0m
[0;32mI (704) wifi_init: udp mbox: 6[0m
[0;32mI (704) wifi_init: tcp mbox: 6[0m
[0;32mI (714) wifi_init: tcp tx win: 5744[0m
[0;32mI (714) wifi_init: tcp rx win: 5744[0m
[0;32mI (714) wifi_init: tcp mss: 1440[0m
[0;32mI (724) wifi_init: WiFi IRAM OP enabled[0m
[0;32mI (724) wifi_init: WiFi RX IRAM OP enabled[0m
[0;32mI (734) phy_init: phy_version 4670,719f9f6,Feb 18 2021,17:07:07[0m
I (834) wifi:mode : sta (ec:94:cb:6a:fb:58)
I (834) wifi:enable tsf
[0;32mI (844) example_connect: Connecting to WIFI1...[0m
[0;32mI (844) example_connect: Waiting for IP(s)[0m
I (3254) wifi:new:<11,0>, old:<1,0>, ap:<255,255>, sta:<11,0>, prof:1
I (4404) wifi:state: init -> auth (b0)
I (4414) wifi:state: auth -> assoc (0)
I (4424) wifi:state: assoc -> run (10)
I (4454) wifi:connected with WIFI1, aid = 1, channel 11, BW20, bssid = 82:e9:3a:ed:b8:55
I (4454) wifi:security: WPA2-PSK, phy: bgn, rssi: -45
I (4454) wifi:pm start, type: 1

I (4474) wifi:AP's beacon interval = 102400 us, DTIM period = 1
[0;32mI (5464) esp_netif_handlers: example_netif_sta ip: 192.168.137.187, mask: 255.255.255.0, gw: 192.168.137.1[0m
[0;32mI (5464) example_connect: Got IPv4 event: Interface "example_netif_sta" address: 192.168.137.187[0m
[0;32mI (5624) example_connect: Got IPv6 event: Interface "example_netif_sta" address: fe80:0000:0000:0000:ee94:cbff:fe6a:fb58, type: ESP_IP6_ADDR_IS_LINK_LOCAL[0m
[0;32mI (5624) example_common: Connected to example_netif_sta[0m
[0;32mI (5634) example_common: - IPv4 address: 192.168.137.187,[0m
[0;32mI (5634) example_common: - IPv6 address: fe80:0000:0000:0000:ee94:cbff:fe6a:fb58, type: ESP_IP6_ADDR_IS_LINK_LOCAL[0m
[0;32mI (5644) WEBSOCKET: Connecting to ws://172.30.2.140:8080 ...[0m
I (5674) wifi:<ba-add>idx:0 (ifx:0, 82:e9:3a:ed:b8:55), tid:0, ssn:4, winSize:64
[0;32mI (5684) WEBSOCKET: WEBSOCKET_EVENT_CONNECTED[0m
[0;32mI (6664) WEBSOCKET: Connection established[0m
[0;32mI (7664) WEBSOCKET: 0[0m
[0;32mI (13664) WEBSOCKET: 1[0m
[0;32mI (19664) WEBSOCKET: 2[0m
[0;32mI (25664) WEBSOCKET: 3[0m
[0;32mI (31664) WEBSOCKET: 4[0m
[0;32mI (37664) WEBSOCKET: 5[0m
[0;32mI (43664) WEBSOCKET: 6[0m
[0;32mI (49664) WEBSOCKET: 7[0m
[0;32mI (55664) WEBSOCKET: 8[0m
[0;32mI (61664) WEBSOCKET: 9[0m
[0;32mI (67664) WEBSOCKET: 10[0m
[0;32mI (73664) WEBSOCKET: 11[0m
[0;32mI (79664) WEBSOCKET: 12[0m
[0;32mI (85664) WEBSOCKET: 13[0m
[0;32mI (91664) WEBSOCKET: 14[0m
[0;32mI (97664) WEBSOCKET: 0[0m
[0;32mI (103664) WEBSOCKET: 1[0m
[0;32mI (109674) WEBSOCKET: 2[0m
[0;32mI (115674) WEBSOCKET: 3[0m
[0;32mI (121674) WEBSOCKET: 4[0m
[0;32mI (127674) WEBSOCKET: 5[0m
[0;32mI (133674) WEBSOCKET: 6[0m
[0;32mI (139674) WEBSOCKET: 7[0m
[0;32mI (145674) WEBSOCKET: 8[0m
[0;32mI (151684) WEBSOCKET: 9[0m
[0;32mI (157694) WEBSOCKET: 10[0m
[0;32mI (163694) WEBSOCKET: 11[0m
[0;32mI (169694) WEBSOCKET: 12[0m
[0;32mI (175694) WEBSOCKET: 13[0m
[0;32mI (181694) WEBSOCKET: 14[0m
[0;32mI (187694) WEBSOCKET: 0[0m
[0;32mI (193694) WEBSOCKET: 1[0m
[0;32mI (199694) WEBSOCKET: 2[0m
[0;32mI (205694) WEBSOCKET: 3[0m
[0;32mI (211694) WEBSOCKET: 4[0m
[0;32mI (217704) WEBSOCKET: 5[0m
[0;31mE (219224) transport_base: poll_read select error 104, errno = Connection reset by peer, fd = 54[0m
[0;31mE (219224) WEBSOCKET_CLIENT: Network error: esp_transport_poll_read() returned -1, errno=119[0m
[0;32mI (219234) WEBSOCKET_CLIENT: Reconnect after 10000 ms[0m
[0;32mI (223704) WEBSOCKET: 6[0m
[0;32mI (229704) WEBSOCKET: 7[0m
[0;32mI (234284) WEBSOCKET: WEBSOCKET_EVENT_CONNECTED[0m
[0;32mI (235704) WEBSOCKET: 8[0m
[0;32mI (241704) WEBSOCKET: 9[0m
[0;32mI (247704) WEBSOCKET: 10[0m
[0;32mI (253704) WEBSOCKET: 11[0m
[0;32mI (259704) WEBSOCKET: 12[0m
[0;32mI (265704) WEBSOCKET: 13[0m
[0;32mI (271704) WEBSOCKET: 14[0m
[0;32mI (277704) WEBSOCKET: 0[0m
[0;32mI (283704) WEBSOCKET: 1[0m
[0;32mI (289714) WEBSOCKET: 2[0m
[0;32mI (295724) WEBSOCKET: 3[0m
[0;32mI (301724) WEBSOCKET: 4[0m
[0;32mI (307724) WEBSOCKET: 5[0m
[0;32mI (313724) WEBSOCKET: 6[0m
[0;32mI (319724) WEBSOCKET: 7[0m
[0;32mI (325724) WEBSOCKET: 8[0m
[0;32mI (331724) WEBSOCKET: 9[0m
[0;32mI (337734) WEBSOCKET: 10[0m
[0;31mE (342724) transport_base: poll_read select error 104, errno = Connection reset by peer, fd = 54[0m
[0;31mE (342724) WEBSOCKET_CLIENT: Network error: esp_transport_poll_read() returned -1, errno=119[0m
[0;32mI (342724) WEBSOCKET_CLIENT: Reconnect after 10000 ms[0m
[0;32mI (343734) WEBSOCKET: 11[0m
[0;32mI (349734) WEBSOCKET: 12[0m
[0;32mI (355734) WEBSOCKET: 13[0m
[0;32mI (357744) WEBSOCKET: WEBSOCKET_EVENT_CONNECTED[0m
[0;32mI (361734) WEBSOCKET: 14[0m
[0;32mI (367734) WEBSOCKET: 0[0m
[0;32mI (373734) WEBSOCKET: 1[0m
